------------------------------------------------------------
Timing Analyzer Summary
------------------------------------------------------------

Type  : Slow 1200mV 85C Model Setup 'clock_divided'
Slack : -8.368
TNS   : -4813.648

Type  : Slow 1200mV 85C Model Setup 'ps2:Keyboard|history0[0]'
Slack : -5.333
TNS   : -13.246

Type  : Slow 1200mV 85C Model Setup 'clk'
Slack : -3.994
TNS   : -134.255

Type  : Slow 1200mV 85C Model Setup 'de2lcd:lcd_message|CLK_400HZ'
Slack : -2.999
TNS   : -87.113

Type  : Slow 1200mV 85C Model Setup 'VGA_top_level:VGA_component|VGA_SYNC:videoSync|pixel_clock_int'
Slack : -2.662
TNS   : -78.028

Type  : Slow 1200mV 85C Model Setup 'ps2:Keyboard|keyboard:u1|keyboard_clk_filtered'
Slack : -2.608
TNS   : -34.426

Type  : Slow 1200mV 85C Model Setup 'ps2:Keyboard|keyboard:u1|scan_ready'
Slack : -1.932
TNS   : -14.705

Type  : Slow 1200mV 85C Model Hold 'ps2:Keyboard|keyboard:u1|scan_ready'
Slack : -1.110
TNS   : -1.110

Type  : Slow 1200mV 85C Model Hold 'ps2:Keyboard|history0[0]'
Slack : -0.092
TNS   : -0.092

Type  : Slow 1200mV 85C Model Hold 'de2lcd:lcd_message|CLK_400HZ'
Slack : 0.385
TNS   : 0.000

Type  : Slow 1200mV 85C Model Hold 'clock_divided'
Slack : 0.386
TNS   : 0.000

Type  : Slow 1200mV 85C Model Hold 'clk'
Slack : 0.391
TNS   : 0.000

Type  : Slow 1200mV 85C Model Hold 'VGA_top_level:VGA_component|VGA_SYNC:videoSync|pixel_clock_int'
Slack : 0.403
TNS   : 0.000

Type  : Slow 1200mV 85C Model Hold 'ps2:Keyboard|keyboard:u1|keyboard_clk_filtered'
Slack : 0.403
TNS   : 0.000

Type  : Slow 1200mV 85C Model Recovery 'ps2:Keyboard|keyboard:u1|ready_set'
Slack : -2.392
TNS   : -2.392

Type  : Slow 1200mV 85C Model Removal 'ps2:Keyboard|keyboard:u1|ready_set'
Slack : 2.870
TNS   : 0.000

Type  : Slow 1200mV 85C Model Minimum Pulse Width 'clk'
Slack : -3.000
TNS   : -89.095

Type  : Slow 1200mV 85C Model Minimum Pulse Width 'clock_divided'
Slack : -1.285
TNS   : -1638.375

Type  : Slow 1200mV 85C Model Minimum Pulse Width 'de2lcd:lcd_message|CLK_400HZ'
Slack : -1.285
TNS   : -110.510

Type  : Slow 1200mV 85C Model Minimum Pulse Width 'VGA_top_level:VGA_component|VGA_SYNC:videoSync|pixel_clock_int'
Slack : -1.285
TNS   : -57.825

Type  : Slow 1200mV 85C Model Minimum Pulse Width 'ps2:Keyboard|keyboard:u1|keyboard_clk_filtered'
Slack : -1.285
TNS   : -29.555

Type  : Slow 1200mV 85C Model Minimum Pulse Width 'ps2:Keyboard|keyboard:u1|scan_ready'
Slack : -1.285
TNS   : -20.560

Type  : Slow 1200mV 85C Model Minimum Pulse Width 'ps2:Keyboard|keyboard:u1|ready_set'
Slack : -1.285
TNS   : -1.285

Type  : Slow 1200mV 85C Model Minimum Pulse Width 'ps2:Keyboard|history0[0]'
Slack : -0.722
TNS   : -3.811

Type  : Slow 1200mV 0C Model Setup 'clock_divided'
Slack : -7.548
TNS   : -4323.164

Type  : Slow 1200mV 0C Model Setup 'ps2:Keyboard|history0[0]'
Slack : -4.933
TNS   : -12.188

Type  : Slow 1200mV 0C Model Setup 'clk'
Slack : -3.630
TNS   : -115.777

Type  : Slow 1200mV 0C Model Setup 'de2lcd:lcd_message|CLK_400HZ'
Slack : -2.688
TNS   : -70.818

Type  : Slow 1200mV 0C Model Setup 'VGA_top_level:VGA_component|VGA_SYNC:videoSync|pixel_clock_int'
Slack : -2.341
TNS   : -66.912

Type  : Slow 1200mV 0C Model Setup 'ps2:Keyboard|keyboard:u1|keyboard_clk_filtered'
Slack : -2.307
TNS   : -29.784

Type  : Slow 1200mV 0C Model Setup 'ps2:Keyboard|keyboard:u1|scan_ready'
Slack : -1.601
TNS   : -11.905

Type  : Slow 1200mV 0C Model Hold 'ps2:Keyboard|keyboard:u1|scan_ready'
Slack : -1.054
TNS   : -1.054

Type  : Slow 1200mV 0C Model Hold 'ps2:Keyboard|history0[0]'
Slack : 0.006
TNS   : 0.000

Type  : Slow 1200mV 0C Model Hold 'clock_divided'
Slack : 0.337
TNS   : 0.000

Type  : Slow 1200mV 0C Model Hold 'de2lcd:lcd_message|CLK_400HZ'
Slack : 0.337
TNS   : 0.000

Type  : Slow 1200mV 0C Model Hold 'clk'
Slack : 0.350
TNS   : 0.000

Type  : Slow 1200mV 0C Model Hold 'VGA_top_level:VGA_component|VGA_SYNC:videoSync|pixel_clock_int'
Slack : 0.354
TNS   : 0.000

Type  : Slow 1200mV 0C Model Hold 'ps2:Keyboard|keyboard:u1|keyboard_clk_filtered'
Slack : 0.355
TNS   : 0.000

Type  : Slow 1200mV 0C Model Recovery 'ps2:Keyboard|keyboard:u1|ready_set'
Slack : -2.052
TNS   : -2.052

Type  : Slow 1200mV 0C Model Removal 'ps2:Keyboard|keyboard:u1|ready_set'
Slack : 2.579
TNS   : 0.000

Type  : Slow 1200mV 0C Model Minimum Pulse Width 'clk'
Slack : -3.000
TNS   : -89.095

Type  : Slow 1200mV 0C Model Minimum Pulse Width 'clock_divided'
Slack : -1.285
TNS   : -1638.375

Type  : Slow 1200mV 0C Model Minimum Pulse Width 'de2lcd:lcd_message|CLK_400HZ'
Slack : -1.285
TNS   : -110.510

Type  : Slow 1200mV 0C Model Minimum Pulse Width 'VGA_top_level:VGA_component|VGA_SYNC:videoSync|pixel_clock_int'
Slack : -1.285
TNS   : -57.825

Type  : Slow 1200mV 0C Model Minimum Pulse Width 'ps2:Keyboard|keyboard:u1|keyboard_clk_filtered'
Slack : -1.285
TNS   : -29.555

Type  : Slow 1200mV 0C Model Minimum Pulse Width 'ps2:Keyboard|keyboard:u1|scan_ready'
Slack : -1.285
TNS   : -20.560

Type  : Slow 1200mV 0C Model Minimum Pulse Width 'ps2:Keyboard|keyboard:u1|ready_set'
Slack : -1.285
TNS   : -1.285

Type  : Slow 1200mV 0C Model Minimum Pulse Width 'ps2:Keyboard|history0[0]'
Slack : -0.638
TNS   : -2.954

Type  : Fast 1200mV 0C Model Setup 'clock_divided'
Slack : -3.570
TNS   : -1838.070

Type  : Fast 1200mV 0C Model Setup 'ps2:Keyboard|history0[0]'
Slack : -2.297
TNS   : -5.363

Type  : Fast 1200mV 0C Model Setup 'clk'
Slack : -1.522
TNS   : -33.854

Type  : Fast 1200mV 0C Model Setup 'de2lcd:lcd_message|CLK_400HZ'
Slack : -0.922
TNS   : -7.979

Type  : Fast 1200mV 0C Model Setup 'ps2:Keyboard|keyboard:u1|keyboard_clk_filtered'
Slack : -0.860
TNS   : -4.605

Type  : Fast 1200mV 0C Model Setup 'VGA_top_level:VGA_component|VGA_SYNC:videoSync|pixel_clock_int'
Slack : -0.820
TNS   : -16.705

Type  : Fast 1200mV 0C Model Setup 'ps2:Keyboard|keyboard:u1|scan_ready'
Slack : -0.564
TNS   : -4.021

Type  : Fast 1200mV 0C Model Hold 'ps2:Keyboard|keyboard:u1|scan_ready'
Slack : -0.524
TNS   : -0.524

Type  : Fast 1200mV 0C Model Hold 'ps2:Keyboard|history0[0]'
Slack : -0.123
TNS   : -0.123

Type  : Fast 1200mV 0C Model Hold 'clock_divided'
Slack : 0.173
TNS   : 0.000

Type  : Fast 1200mV 0C Model Hold 'de2lcd:lcd_message|CLK_400HZ'
Slack : 0.174
TNS   : 0.000

Type  : Fast 1200mV 0C Model Hold 'clk'
Slack : 0.180
TNS   : 0.000

Type  : Fast 1200mV 0C Model Hold 'VGA_top_level:VGA_component|VGA_SYNC:videoSync|pixel_clock_int'
Slack : 0.181
TNS   : 0.000

Type  : Fast 1200mV 0C Model Hold 'ps2:Keyboard|keyboard:u1|keyboard_clk_filtered'
Slack : 0.181
TNS   : 0.000

Type  : Fast 1200mV 0C Model Recovery 'ps2:Keyboard|keyboard:u1|ready_set'
Slack : -0.830
TNS   : -0.830

Type  : Fast 1200mV 0C Model Removal 'ps2:Keyboard|keyboard:u1|ready_set'
Slack : 1.547
TNS   : 0.000

Type  : Fast 1200mV 0C Model Minimum Pulse Width 'clk'
Slack : -3.000
TNS   : -74.145

Type  : Fast 1200mV 0C Model Minimum Pulse Width 'clock_divided'
Slack : -1.000
TNS   : -1275.000

Type  : Fast 1200mV 0C Model Minimum Pulse Width 'de2lcd:lcd_message|CLK_400HZ'
Slack : -1.000
TNS   : -86.000

Type  : Fast 1200mV 0C Model Minimum Pulse Width 'VGA_top_level:VGA_component|VGA_SYNC:videoSync|pixel_clock_int'
Slack : -1.000
TNS   : -45.000

Type  : Fast 1200mV 0C Model Minimum Pulse Width 'ps2:Keyboard|keyboard:u1|keyboard_clk_filtered'
Slack : -1.000
TNS   : -23.000

Type  : Fast 1200mV 0C Model Minimum Pulse Width 'ps2:Keyboard|keyboard:u1|scan_ready'
Slack : -1.000
TNS   : -16.000

Type  : Fast 1200mV 0C Model Minimum Pulse Width 'ps2:Keyboard|keyboard:u1|ready_set'
Slack : -1.000
TNS   : -1.000

Type  : Fast 1200mV 0C Model Minimum Pulse Width 'ps2:Keyboard|history0[0]'
Slack : -0.125
TNS   : -0.220

------------------------------------------------------------
